{"secret_nft":{"0":{"date":"2023-02-25 11:37:21","account":{"address":"5CDGXH8Q9DzD3TnATTG6qm6f4yR1kbECBGUmh2XbEBQ8Jfa5","role":"OWNER"},"event":"STORE"},"1":{"date":"2023-02-25 11:37:21","account":{"address":"5TQAxH8Q9DzD3TnATTG6qm6f4yR1kbECBGUmh2XbEBQ8Jfa7","role":"DELEGATEE"},"event":"VIEW"}},"capsule":{"0":{"date":"2023-02-25 11:37:21","account":{"address":"5CDGXH8Q9DzD3TnATTG6qm6f4yR1kbECBGUmh2XbEBQ8Jfa5","role":"OWNER"},"event":"STORE"}}}